[backblue.gif]
[fade.gif]
[index.html]
[w5.ab.ust.hk/wcq/cgi-bin/2320/index.html]
[w5.ab.ust.hk/wcq/cgi-bin/2320/common_core/4Y.html]
[w5.ab.ust.hk/wcq/cgi-bin/2320/common_core/4Y/09.html]
[w5.ab.ust.hk/wcq/cgi-bin/2320/common_core/4Y/10.html]
[w5.ab.ust.hk/wcq/cgi-bin/2320/common_core/4Y/11.html]
[w5.ab.ust.hk/wcq/cgi-bin/2320/common_core/4Y/12.html]
[w5.ab.ust.hk/wcq/cgi-bin/2320/common_core/4Y/13.html]
[w5.ab.ust.hk/wcq/cgi-bin/2320/common_core/4Y/14.html]
[w5.ab.ust.hk/wcq/cgi-bin/2320/common_core/4Y/15.html]
[w5.ab.ust.hk/wcq/cgi-bin/2320/common_core/4Y/16.html]
[w5.ab.ust.hk/wcq/cgi-bin/2320/common_core/4Y/17.html]
[w5.ab.ust.hk/wcq/cgi-bin/2320/common_core/4Y/18.html]
[w5.ab.ust.hk/wcq/cgi-bin/2320/common_core/4Y/19.html]
[w5.ab.ust.hk/wcq/cgi-bin/2320/common_core/CC22.html]
[w5.ab.ust.hk/wcq/cgi-bin/2320/common_core/CC22/20.html]
[w5.ab.ust.hk/wcq/cgi-bin/2320/common_core/CC22/21.html]
[w5.ab.ust.hk/wcq/cgi-bin/2320/common_core/CC22/22.html]
[w5.ab.ust.hk/wcq/cgi-bin/2320/common_core/CC22/23.html]
[w5.ab.ust.hk/wcq/cgi-bin/2320/common_core/CC22/24.html]
[w5.ab.ust.hk/wcq/cgi-bin/2320/common_core/CC22/25.html]
[w5.ab.ust.hk/wcq/cgi-bin/2320/common_core/CC22/26.html]
[w5.ab.ust.hk/wcq/cgi-bin/2320/common_core/CC22/27.html]
[w5.ab.ust.hk/wcq/cgi-bin/2320/common_core/CC22/28.html]
[w5.ab.ust.hk/wcq/cgi-bin/2320/subject/CENG.html]
[w5.ab.ust.hk/wcq/cgi-bin/2320/subject/CIVL.html]
[w5.ab.ust.hk/wcq/cgi-bin/2320/subject/COMP.html]
[w5.ab.ust.hk/wcq/cgi-bin/2320/subject/DBAP.html]
[w5.ab.ust.hk/wcq/cgi-bin/2320/subject/ECON.html]
[w5.ab.ust.hk/wcq/cgi-bin/2320/subject/EESM.html]
[w5.ab.ust.hk/wcq/cgi-bin/2320/subject/ELEC.html]
[w5.ab.ust.hk/wcq/cgi-bin/2320/subject/ENEG.html]
[w5.ab.ust.hk/wcq/cgi-bin/2320/subject/ENGG.html]
[w5.ab.ust.hk/wcq/cgi-bin/2320/subject/ENTR.html]
[w5.ab.ust.hk/wcq/cgi-bin/2320/subject/ENVR.html]
[w5.ab.ust.hk/wcq/cgi-bin/2320/subject/EVSM.html]
[w5.ab.ust.hk/wcq/cgi-bin/2320/subject/GFIN.html]
[w5.ab.ust.hk/wcq/cgi-bin/2320/subject/ISDN.html]
[w5.ab.ust.hk/wcq/cgi-bin/2320/subject/ISOM.html]
[w5.ab.ust.hk/wcq/cgi-bin/2320/subject/LIFS.html]
[w5.ab.ust.hk/wcq/cgi-bin/2320/subject/MARK.html]
[w5.ab.ust.hk/wcq/cgi-bin/2320/subject/MATH.html]
[w5.ab.ust.hk/wcq/cgi-bin/2320/subject/MECH.html]
[w5.ab.ust.hk/wcq/cgi-bin/2320/subject/OCES.html]
[w5.ab.ust.hk/wcq/cgi-bin/2320/subject/PHYS.html]
[w5.ab.ust.hk/wcq/cgi-bin/2320/subject/SBMT.html]
[w5.ab.ust.hk/wcq/cgi-bin/2320/subject/SCIE.html]
[w5.ab.ust.hk/wcq/cgi-bin/2320/subject/SHSS.html]
[w5.ab.ust.hk/wcq/cgi-bin/2320/subject/SOSC.html]
[w5.ab.ust.hk/wcq/cgi-bin/2320/subject/TEMG.html]
[w5.ab.ust.hk/wcq/cgi-bin/2320/instructor/index.html]
[w5.ab.ust.hk/wcq/cgi-bin/2320/instructor/SAUERWEIN, Meike.html]
[w5.ab.ust.hk/wcq/cgi-bin/2320/instructor/TEH, Jack Her Hock.html]
[w5.ab.ust.hk/wcq/cgi-bin/2320/instructor/LEE, Aaron Chun Hay.html]
[w5.ab.ust.hk/wcq/cgi-bin/2320/instructor/HONG, Se Joon.html]
[w5.ab.ust.hk/wcq/cgi-bin/2320/instructor/WAN, On Yu.html]
[w5.ab.ust.hk/wcq/cgi-bin/2320/instructor/LAU, Ronald.html]
[w5.ab.ust.hk/wcq/cgi-bin/2320/instructor/LEE, Wai Hong.html]
[w5.ab.ust.hk/wcq/cgi-bin/2320/instructor/XU, Yan.html]
[w5.ab.ust.hk/wcq/cgi-bin/2320/instructor/GU, Jiaying.html]
[w5.ab.ust.hk/wcq/cgi-bin/2320/instructor/LAM, Gibson.html]
[w5.ab.ust.hk/wcq/cgi-bin/2320/instructor/XIAO, Huiru.html]
[w5.ab.ust.hk/wcq/cgi-bin/2320/instructor/USMAN, Muhammad.html]
[w5.ab.ust.hk/wcq/cgi-bin/2320/instructor/WEI, Maofeng.html]
[w5.ab.ust.hk/wcq/cgi-bin/2320/instructor/CHING, Phoebe Mae Lim.html]
[w5.ab.ust.hk/wcq/cgi-bin/2320/instructor/ROSSITER, David.html]
[w5.ab.ust.hk/wcq/cgi-bin/2320/instructor/CHEN, Hao.html]
[w5.ab.ust.hk/wcq/cgi-bin/2320/instructor/CHEN, Long.html]
[w5.ab.ust.hk/wcq/cgi-bin/2320/instructor/LI, J.T.html]
[w5.ab.ust.hk/wcq/cgi-bin/2320/instructor/VAN DER LANS, Ralf.html]
[w5.ab.ust.hk/wcq/cgi-bin/2320/instructor/ZHAO, Ying.html]
[w5.ab.ust.hk/wcq/cgi-bin/2320/instructor/CHEN, Zhanhui.html]
[w5.ab.ust.hk/wcq/cgi-bin/2320/instructor/LI, Yingying.html]
[w5.ab.ust.hk/wcq/cgi-bin/2320/instructor/YAN, Dengfeng.html]
[w5.ab.ust.hk/wcq/cgi-bin/2320/instructor/LORETAN, Michael Stanislaus.html]
[w5.ab.ust.hk/wcq/cgi-bin/2320/instructor/TO, Jeremy.html]
[w5.ab.ust.hk/wcq/cgi-bin/2320/instructor/LEE, Lung-fei.html]
[w5.ab.ust.hk/wcq/cgi-bin/2320/instructor/SARFRAZ, Khawar.html]
[w5.ab.ust.hk/wcq/cgi-bin/2320/instructor/WOO, Kam Tim.html]
[w5.ab.ust.hk/wcq/cgi-bin/2320/instructor/CHIN, Lai Ting.html]
[w5.ab.ust.hk/wcq/cgi-bin/2320/instructor/YIM, Tak Sang.html]
[w5.ab.ust.hk/wcq/cgi-bin/2320/instructor/LEUNG, Suk Wai Winnie.html]
[w5.ab.ust.hk/wcq/cgi-bin/2320/instructor/DELINA, Laurence L.html]
[w5.ab.ust.hk/wcq/cgi-bin/2320/instructor/LAU, Pui Sang.html]
[w5.ab.ust.hk/wcq/cgi-bin/2320/instructor/WANG, Zhe.html]
[w5.ab.ust.hk/wcq/cgi-bin/2320/instructor/YU, Jialin.html]
[w5.ab.ust.hk/wcq/cgi-bin/2320/instructor/BHATTACHARYA, Utpal.html]
[w5.ab.ust.hk/wcq/cgi-bin/2320/instructor/MUKHERJEE, Abhiroop.html]
[w5.ab.ust.hk/wcq/cgi-bin/2320/instructor/CHAN, Chi Ming.html]
[w5.ab.ust.hk/wcq/cgi-bin/2320/instructor/CHEUNG, Chong Mo.html]
[w5.ab.ust.hk/wcq/cgi-bin/2320/instructor/XU, Nathan.html]
[w5.ab.ust.hk/wcq/cgi-bin/2320/instructor/LI, Mitch.html]
[w5.ab.ust.hk/wcq/cgi-bin/2320/instructor/JIA, Jia.html]
[w5.ab.ust.hk/wcq/cgi-bin/2320/instructor/PANG, Ngai Cheung.html]
[w5.ab.ust.hk/wcq/cgi-bin/2320/instructor/DENG, Stacy.html]
[w5.ab.ust.hk/wcq/cgi-bin/2320/instructor/KOH, Tat Koon.html]
[w5.ab.ust.hk/wcq/cgi-bin/2320/instructor/NG, Ka Wai Tommy.html]
[w5.ab.ust.hk/wcq/cgi-bin/2320/instructor/FUNG, Terrance.html]
[w5.ab.ust.hk/wcq/cgi-bin/2320/instructor/LAI, Sum Yu.html]
[w5.ab.ust.hk/wcq/cgi-bin/2320/instructor/KIM, Yongsuk.html]
[w5.ab.ust.hk/wcq/cgi-bin/2320/instructor/HO, Cheuk Fan Edmond.html]
[w5.ab.ust.hk/wcq/cgi-bin/2320/instructor/HUANG, Xin.html]
[w5.ab.ust.hk/wcq/cgi-bin/2320/instructor/KO, Ice Wai Ping.html]
[w5.ab.ust.hk/wcq/cgi-bin/2320/instructor/HONG, Jiewen.html]
[w5.ab.ust.hk/wcq/cgi-bin/2320/instructor/GUO, Xinzhou.html]
[w5.ab.ust.hk/wcq/cgi-bin/2320/instructor/HUANG, Allen.html]
[w5.ab.ust.hk/wcq/cgi-bin/2320/instructor/DORAN, Christopher.html]
[w5.ab.ust.hk/wcq/cgi-bin/2320/instructor/FRANKLIN, Laurence Craig.html]
[w5.ab.ust.hk/wcq/cgi-bin/2320/instructor/NASON, Stephen William.html]
[w5.ab.ust.hk/wcq/cgi-bin/2320/instructor/SALVACRUZ, Joseph.html]
[w5.ab.ust.hk/wcq/cgi-bin/2320/instructor/WONG, James K.html]
[w5.ab.ust.hk/wcq/cgi-bin/2320/instructor/HENDRY, David James.html]
[w5.ab.ust.hk/wcq/cgi-bin/2320/instructor/LIN, Betty Fwei-chien.html]
